{
  "name": "branch_basic",
  "initial_state": "build",
  "target_state": "done",
  "policy": {
    "MaxTotalSteps": 100,
    "MaxStepRetries": 0,
    "MaxVisitsWarnThreshold": 200
  },
  "adapters": [
    {
      "type": "noop",
      "name": "default",
      "on_crash": "fail",
      "config_keys": null
    }
  ],
  "steps": [
    {
      "name": "build",
      "adapter": "noop.default",
      "input_keys": null,
      "allow_tools": null,
      "outcomes": [
        {
          "name": "success",
          "transition_to": "decide"
        }
      ]
    }
  ],
  "states": [
    {
      "name": "deploy",
      "terminal": true,
      "success": true
    },
    {
      "name": "deploy_staging",
      "terminal": true,
      "success": true
    },
    {
      "name": "done",
      "terminal": true,
      "success": true
    },
    {
      "name": "skip_deploy",
      "terminal": true,
      "success": true
    }
  ],
  "outputs": [],
  "step_order": [
    "build"
  ],
  "plugins_required": [
    "noop"
  ],
  "metadata": {
    "schema_version": 1
  }
}
