digraph "demo_tour" {
  rankdir=LR;

  "boot" [shape=box];
  "discover" [shape=box];
  "process" [shape=box];
  "review" [shape=box];
  "celebrate" [shape=box];
  "decide_release" [shape=diamond];
  "process_each" [shape=parallelogram];
  "aborted" [shape=doublecircle];
  "done" [shape=doublecircle];

  "__start__" [shape=point,width=0.12,label=""];
  "__start__" -> "boot" [label="initial"];
  "boot" -> "aborted" [label="failure"];
  "boot" -> "discover" [label="success"];
  "discover" -> "aborted" [label="failure"];
  "discover" -> "process_each" [label="success"];
  "review" -> "aborted" [label="failure"];
  "review" -> "wait_for_window" [label="success"];
  "celebrate" -> "aborted" [label="failure"];
  "celebrate" -> "done" [label="success"];
  "decide_release" -> "ship_approval" [label="arm[0]"];
  "decide_release" -> "aborted" [label="default"];
  "process_each" -> "process" [label="do"];
  "process_each" -> "review" [label="all_succeeded"];
  "process_each" -> "aborted" [label="any_failed"];
}
