digraph "demo_tour_local" {
  rankdir=LR;

  "boot" [shape=box, style="filled", fillcolor="#D6EAF8"];
  "discover" [shape=box, style="filled", fillcolor="#D6EAF8"];
  "process_each" [shape=box, style="filled,dashed", fillcolor="#D6EAF8", label="process_each\n[for_each]"];
  "review" [shape=box, style="filled", fillcolor="#D6EAF8"];
  "celebrate" [shape=box, style="filled", fillcolor="#D6EAF8"];
  "decide" [shape=diamond, style=filled, fillcolor="#FEF9E7"];
  "aborted" [shape=doublecircle, style=filled, fillcolor="#FADBD8"];
  "done" [shape=doublecircle, style=filled, fillcolor="#D5F5E3"];

  "__start__" [shape=point,width=0.12,label=""];
  "__start__" -> "boot" [label="initial"];
  "boot" -> "aborted" [label="failure"];
  "boot" -> "discover" [label="success"];
  "discover" -> "aborted" [label="failure"];
  "discover" -> "process_each" [label="success"];
  "process_each" -> "review" [label="all_succeeded"];
  "process_each" -> "aborted" [label="any_failed"];
  "review" -> "aborted" [label="failure"];
  "review" -> "wait_brief" [label="success"];
  "celebrate" -> "aborted" [label="failure"];
  "celebrate" -> "done" [label="success"];
  "decide" -> "celebrate" [label="condition[0]"];
  "decide" -> "aborted" [label="default"];
}
