digraph "hello" {
  rankdir=LR;

  "say_hello" [shape=box, style="filled", fillcolor="#D6EAF8"];
  "done" [shape=doublecircle, style=filled, fillcolor="#D5F5E3"];
  "failed" [shape=doublecircle, style=filled, fillcolor="#FADBD8"];

  "__start__" [shape=point,width=0.12,label=""];
  "__start__" -> "say_hello" [label="initial"];
  "say_hello" -> "failed" [label="failure"];
  "say_hello" -> "done" [label="success"];
}
