{
  "name": "iteration_workflow_step",
  "initial_state": "run_items",
  "target_state": "done",
  "policy": {
    "MaxTotalSteps": 50,
    "MaxStepRetries": 0,
    "MaxVisitsWarnThreshold": 200
  },
  "agents": [
    {
      "type": "noop",
      "name": "default",
      "on_crash": "fail",
      "config_keys": null
    }
  ],
  "steps": [
    {
      "name": "run_items",
      "input_keys": null,
      "allow_tools": null,
      "outcomes": [
        {
          "name": "all_succeeded",
          "transition_to": "done"
        },
        {
          "name": "any_failed",
          "transition_to": "done"
        }
      ]
    }
  ],
  "states": [
    {
      "name": "done",
      "terminal": true,
      "success": true
    }
  ],
  "outputs": [],
  "step_order": [
    "run_items"
  ],
  "plugins_required": [
    "noop"
  ],
  "metadata": {
    "schema_version": 1
  }
}
