{
  "name": "iteration_simple",
  "initial_state": "process",
  "target_state": "done",
  "policy": {
    "MaxTotalSteps": 30,
    "MaxStepRetries": 0
  },
  "agents": [],
  "steps": [
    {
      "name": "process",
      "adapter": "noop",
      "input_keys": [
        "label",
        "result"
      ],
      "allow_tools": null,
      "outcomes": [
        {
          "name": "all_succeeded",
          "transition_to": "count_phase"
        },
        {
          "name": "any_failed",
          "transition_to": "done"
        }
      ]
    },
    {
      "name": "count_phase",
      "adapter": "noop",
      "input_keys": [
        "label",
        "result"
      ],
      "allow_tools": null,
      "outcomes": [
        {
          "name": "all_succeeded",
          "transition_to": "done"
        },
        {
          "name": "any_failed",
          "transition_to": "done"
        }
      ]
    }
  ],
  "states": [
    {
      "name": "done",
      "terminal": true,
      "success": true
    }
  ],
  "step_order": [
    "process",
    "count_phase"
  ],
  "plugins_required": [
    "noop"
  ],
  "metadata": {
    "schema_version": 1
  }
}
