{
  "name": "phase3-environment",
  "initial_state": "print_env",
  "target_state": "done",
  "policy": {
    "MaxTotalSteps": 100,
    "MaxStepRetries": 0,
    "MaxVisitsWarnThreshold": 200
  },
  "adapters": [
    {
      "type": "shell",
      "name": "default",
      "on_crash": "fail",
      "config_keys": null
    }
  ],
  "steps": [
    {
      "name": "print_env",
      "adapter": "shell.default",
      "input_keys": [
        "command"
      ],
      "allow_tools": null,
      "outcomes": [
        {
          "name": "success",
          "next": "done"
        }
      ]
    }
  ],
  "states": [
    {
      "name": "done",
      "terminal": true,
      "success": true
    }
  ],
  "outputs": [],
  "switches": [],
  "step_order": [
    "print_env"
  ],
  "plugins_required": [
    "shell"
  ],
  "metadata": {
    "schema_version": 1
  }
}
