digraph "parallel-demo" {
  rankdir=LR;

  "fetch" [shape=box, style="filled", fillcolor="#D6EAF8", peripheries=2, label="fetch\n[parallel]"];
  "done" [shape=doublecircle, style=filled, fillcolor="#D5F5E3"];

  "__start__" [shape=point,width=0.12,label=""];
  "__start__" -> "fetch" [label="initial"];
  "fetch" -> "done" [label="all_succeeded"];
  "fetch" -> "done" [label="any_failed"];
}
