digraph "two_agent_loop" {
  rankdir=LR;

  "execute" [shape=box, style="filled", fillcolor="#D6EAF8"];
  "review" [shape=box, style="filled", fillcolor="#D6EAF8"];
  "done" [shape=doublecircle, style=filled, fillcolor="#D5F5E3"];

  "__start__" [shape=point,width=0.12,label=""];
  "__start__" -> "execute" [label="initial"];
  "execute" -> "review" [label="approved"];
  "execute" -> "review" [label="retry"];
  "review" -> "done" [label="approved"];
  "review" -> "execute" [label="changes"];
}
