digraph "two_agent_loop" {
  rankdir=LR;

  "execute" [shape=box];
  "review" [shape=box];
  "done" [shape=doublecircle];

  "__start__" [shape=point,width=0.12,label=""];
  "__start__" -> "execute" [label="initial"];
  "execute" -> "review" [label="approved"];
  "execute" -> "review" [label="retry"];
  "review" -> "done" [label="approved"];
  "review" -> "execute" [label="changes"];
}
