{
  "name": "workstream_review_loop",
  "initial_state": "checkout_branch",
  "target_state": "done",
  "policy": {
    "MaxTotalSteps": 120,
    "MaxStepRetries": 0
  },
  "agents": [
    {
      "name": "executor",
      "adapter": "copilot",
      "on_crash": "fail",
      "config_keys": [
        "max_turns",
        "model",
        "reasoning_effort"
      ]
    },
    {
      "name": "pr_manager",
      "adapter": "copilot",
      "on_crash": "fail",
      "config_keys": [
        "max_turns",
        "model",
        "reasoning_effort"
      ]
    },
    {
      "name": "reviewer",
      "adapter": "copilot",
      "on_crash": "fail",
      "config_keys": [
        "max_turns",
        "model",
        "reasoning_effort"
      ]
    }
  ],
  "steps": [
    {
      "name": "checkout_branch",
      "adapter": "shell",
      "timeout": "10s",
      "input_keys": [
        "command"
      ],
      "allow_tools": null,
      "outcomes": [
        {
          "name": "failure",
          "transition_to": "failed"
        },
        {
          "name": "success",
          "transition_to": "open_executor"
        }
      ]
    },
    {
      "name": "open_executor",
      "agent": "executor",
      "lifecycle": "open",
      "input_keys": null,
      "allow_tools": null,
      "outcomes": [
        {
          "name": "failure",
          "transition_to": "failed"
        },
        {
          "name": "success",
          "transition_to": "open_reviewer"
        }
      ]
    },
    {
      "name": "open_reviewer",
      "agent": "reviewer",
      "lifecycle": "open",
      "input_keys": null,
      "allow_tools": null,
      "outcomes": [
        {
          "name": "failure",
          "transition_to": "close_executor_abort"
        },
        {
          "name": "success",
          "transition_to": "open_pr_manager"
        }
      ]
    },
    {
      "name": "open_pr_manager",
      "agent": "pr_manager",
      "lifecycle": "open",
      "input_keys": null,
      "allow_tools": null,
      "outcomes": [
        {
          "name": "failure",
          "transition_to": "close_reviewer_abort"
        },
        {
          "name": "success",
          "transition_to": "execute_init"
        }
      ]
    },
    {
      "name": "execute_init",
      "agent": "executor",
      "input_keys": [
        "prompt"
      ],
      "allow_tools": [
        "*"
      ],
      "outcomes": [
        {
          "name": "failure",
          "transition_to": "close_pr_manager_abort"
        },
        {
          "name": "needs_approval",
          "transition_to": "review_init"
        },
        {
          "name": "needs_review",
          "transition_to": "review_init"
        }
      ]
    },
    {
      "name": "review_init",
      "agent": "reviewer",
      "input_keys": [
        "prompt"
      ],
      "allow_tools": [
        "*"
      ],
      "outcomes": [
        {
          "name": "approved",
          "transition_to": "commit_and_prepare_pr"
        },
        {
          "name": "changes_requested",
          "transition_to": "execute"
        },
        {
          "name": "failure",
          "transition_to": "close_pr_manager_abort"
        },
        {
          "name": "needs_approval",
          "transition_to": "execute"
        },
        {
          "name": "needs_review",
          "transition_to": "execute"
        }
      ]
    },
    {
      "name": "execute",
      "agent": "executor",
      "input_keys": [
        "prompt"
      ],
      "allow_tools": [
        "*"
      ],
      "outcomes": [
        {
          "name": "failure",
          "transition_to": "close_pr_manager_abort"
        },
        {
          "name": "needs_approval",
          "transition_to": "verify"
        },
        {
          "name": "needs_review",
          "transition_to": "verify"
        }
      ]
    },
    {
      "name": "verify",
      "adapter": "shell",
      "timeout": "2m0s",
      "input_keys": [
        "command"
      ],
      "allow_tools": null,
      "outcomes": [
        {
          "name": "failure",
          "transition_to": "fix_verify"
        },
        {
          "name": "success",
          "transition_to": "review"
        }
      ]
    },
    {
      "name": "fix_verify",
      "agent": "executor",
      "input_keys": [
        "prompt"
      ],
      "allow_tools": [
        "*"
      ],
      "outcomes": [
        {
          "name": "failure",
          "transition_to": "close_pr_manager_abort"
        },
        {
          "name": "needs_approval",
          "transition_to": "verify"
        },
        {
          "name": "needs_review",
          "transition_to": "verify"
        }
      ]
    },
    {
      "name": "review",
      "agent": "reviewer",
      "input_keys": [
        "prompt"
      ],
      "allow_tools": [
        "*"
      ],
      "outcomes": [
        {
          "name": "approved",
          "transition_to": "commit_and_prepare_pr"
        },
        {
          "name": "changes_requested",
          "transition_to": "execute"
        },
        {
          "name": "failure",
          "transition_to": "close_pr_manager_abort"
        },
        {
          "name": "needs_approval",
          "transition_to": "execute"
        },
        {
          "name": "needs_review",
          "transition_to": "execute"
        }
      ]
    },
    {
      "name": "commit_and_prepare_pr",
      "agent": "executor",
      "input_keys": [
        "prompt"
      ],
      "allow_tools": [
        "*"
      ],
      "outcomes": [
        {
          "name": "failure",
          "transition_to": "close_pr_manager_abort"
        },
        {
          "name": "success",
          "transition_to": "open_or_update_pr"
        }
      ]
    },
    {
      "name": "open_or_update_pr",
      "agent": "pr_manager",
      "input_keys": [
        "prompt"
      ],
      "allow_tools": [
        "*"
      ],
      "outcomes": [
        {
          "name": "failure",
          "transition_to": "close_pr_manager_abort"
        },
        {
          "name": "needs_approval",
          "transition_to": "watch_pr_warmup"
        },
        {
          "name": "needs_review",
          "transition_to": "watch_pr_warmup"
        },
        {
          "name": "watch_pr",
          "transition_to": "watch_pr_warmup"
        }
      ]
    },
    {
      "name": "watch_pr_warmup",
      "adapter": "shell",
      "timeout": "3m0s",
      "input_keys": [
        "command"
      ],
      "allow_tools": null,
      "outcomes": [
        {
          "name": "failure",
          "transition_to": "triage_pr_feedback"
        },
        {
          "name": "success",
          "transition_to": "watch_pr_gate"
        }
      ]
    },
    {
      "name": "watch_pr_backoff",
      "adapter": "shell",
      "timeout": "5m0s",
      "input_keys": [
        "command"
      ],
      "allow_tools": null,
      "outcomes": [
        {
          "name": "failure",
          "transition_to": "triage_pr_feedback"
        },
        {
          "name": "success",
          "transition_to": "watch_pr_gate"
        }
      ]
    },
    {
      "name": "watch_pr_gate",
      "adapter": "shell",
      "timeout": "45m0s",
      "input_keys": [
        "command"
      ],
      "allow_tools": null,
      "outcomes": [
        {
          "name": "failure",
          "transition_to": "triage_pr_feedback"
        },
        {
          "name": "success",
          "transition_to": "merge_pr_and_sync_main"
        }
      ]
    },
    {
      "name": "triage_pr_feedback",
      "agent": "pr_manager",
      "input_keys": [
        "prompt"
      ],
      "allow_tools": [
        "*"
      ],
      "outcomes": [
        {
          "name": "failure",
          "transition_to": "close_pr_manager_abort"
        },
        {
          "name": "merged",
          "transition_to": "merge_pr_and_sync_main"
        },
        {
          "name": "needs_approval",
          "transition_to": "watch_pr_backoff"
        },
        {
          "name": "needs_executor",
          "transition_to": "execute_pr_feedback"
        },
        {
          "name": "needs_review",
          "transition_to": "watch_pr_backoff"
        },
        {
          "name": "recheck",
          "transition_to": "watch_pr_backoff"
        },
        {
          "name": "watch_pr",
          "transition_to": "watch_pr_backoff"
        }
      ]
    },
    {
      "name": "execute_pr_feedback",
      "agent": "executor",
      "input_keys": [
        "prompt"
      ],
      "allow_tools": [
        "*"
      ],
      "outcomes": [
        {
          "name": "failure",
          "transition_to": "close_pr_manager_abort"
        },
        {
          "name": "needs_approval",
          "transition_to": "verify"
        },
        {
          "name": "needs_review",
          "transition_to": "verify"
        }
      ]
    },
    {
      "name": "merge_pr_and_sync_main",
      "adapter": "shell",
      "timeout": "5m0s",
      "input_keys": [
        "command"
      ],
      "allow_tools": null,
      "outcomes": [
        {
          "name": "failure",
          "transition_to": "close_pr_manager_done"
        },
        {
          "name": "success",
          "transition_to": "close_pr_manager_done"
        }
      ]
    },
    {
      "name": "close_pr_manager_done",
      "agent": "pr_manager",
      "lifecycle": "close",
      "input_keys": null,
      "allow_tools": null,
      "outcomes": [
        {
          "name": "failure",
          "transition_to": "close_reviewer_done"
        },
        {
          "name": "success",
          "transition_to": "close_reviewer_done"
        }
      ]
    },
    {
      "name": "close_reviewer_done",
      "agent": "reviewer",
      "lifecycle": "close",
      "input_keys": null,
      "allow_tools": null,
      "outcomes": [
        {
          "name": "failure",
          "transition_to": "close_executor_done"
        },
        {
          "name": "success",
          "transition_to": "close_executor_done"
        }
      ]
    },
    {
      "name": "close_executor_done",
      "agent": "executor",
      "lifecycle": "close",
      "input_keys": null,
      "allow_tools": null,
      "outcomes": [
        {
          "name": "failure",
          "transition_to": "done"
        },
        {
          "name": "success",
          "transition_to": "done"
        }
      ]
    },
    {
      "name": "close_pr_manager_abort",
      "agent": "pr_manager",
      "lifecycle": "close",
      "input_keys": null,
      "allow_tools": null,
      "outcomes": [
        {
          "name": "failure",
          "transition_to": "close_reviewer_abort"
        },
        {
          "name": "success",
          "transition_to": "close_reviewer_abort"
        }
      ]
    },
    {
      "name": "close_reviewer_abort",
      "agent": "reviewer",
      "lifecycle": "close",
      "input_keys": null,
      "allow_tools": null,
      "outcomes": [
        {
          "name": "failure",
          "transition_to": "close_executor_abort"
        },
        {
          "name": "success",
          "transition_to": "close_executor_abort"
        }
      ]
    },
    {
      "name": "close_executor_abort",
      "agent": "executor",
      "lifecycle": "close",
      "input_keys": null,
      "allow_tools": null,
      "outcomes": [
        {
          "name": "failure",
          "transition_to": "failed"
        },
        {
          "name": "success",
          "transition_to": "failed"
        }
      ]
    }
  ],
  "states": [
    {
      "name": "done",
      "terminal": true,
      "success": true
    },
    {
      "name": "failed",
      "terminal": true,
      "success": false
    }
  ],
  "step_order": [
    "checkout_branch",
    "open_executor",
    "open_reviewer",
    "open_pr_manager",
    "execute_init",
    "review_init",
    "execute",
    "verify",
    "fix_verify",
    "review",
    "commit_and_prepare_pr",
    "open_or_update_pr",
    "watch_pr_warmup",
    "watch_pr_backoff",
    "watch_pr_gate",
    "triage_pr_feedback",
    "execute_pr_feedback",
    "merge_pr_and_sync_main",
    "close_pr_manager_done",
    "close_reviewer_done",
    "close_executor_done",
    "close_pr_manager_abort",
    "close_reviewer_abort",
    "close_executor_abort"
  ],
  "plugins_required": [
    "copilot",
    "shell"
  ],
  "metadata": {
    "schema_version": 1
  }
}
