digraph "workstream_review_loop" {
  rankdir=LR;

  "checkout_branch" [shape=box, style="filled", fillcolor="#E8DAEF"];
  "execute_init" [shape=box, style="filled", fillcolor="#D6EAF8"];
  "review_init" [shape=box, style="filled", fillcolor="#D6EAF8"];
  "execute" [shape=box, style="filled", fillcolor="#D6EAF8"];
  "verify" [shape=box, style="filled", fillcolor="#E8DAEF"];
  "fix_verify" [shape=box, style="filled", fillcolor="#D6EAF8"];
  "review" [shape=box, style="filled", fillcolor="#D6EAF8"];
  "commit_and_prepare_pr" [shape=box, style="filled", fillcolor="#D6EAF8"];
  "open_or_update_pr" [shape=box, style="filled", fillcolor="#D6EAF8"];
  "watch_pr_warmup" [shape=box, style="filled", fillcolor="#E8DAEF"];
  "watch_pr_backoff" [shape=box, style="filled", fillcolor="#E8DAEF"];
  "watch_pr_gate" [shape=box, style="filled", fillcolor="#E8DAEF"];
  "triage_pr_feedback" [shape=box, style="filled", fillcolor="#D6EAF8"];
  "execute_pr_feedback" [shape=box, style="filled", fillcolor="#D6EAF8"];
  "merge_pr_and_sync_main" [shape=box, style="filled", fillcolor="#E8DAEF"];
  "done" [shape=doublecircle, style=filled, fillcolor="#D5F5E3"];
  "failed" [shape=doublecircle, style=filled, fillcolor="#FADBD8"];

  "__start__" [shape=point,width=0.12,label=""];
  "__start__" -> "checkout_branch" [label="initial"];
  "checkout_branch" -> "failed" [label="failure"];
  "checkout_branch" -> "execute_init" [label="success"];
  "execute_init" -> "failed" [label="failure"];
  "execute_init" -> "review_init" [label="needs_approval"];
  "execute_init" -> "review_init" [label="needs_review"];
  "review_init" -> "commit_and_prepare_pr" [label="approved"];
  "review_init" -> "execute" [label="changes_requested"];
  "review_init" -> "failed" [label="failure"];
  "review_init" -> "execute" [label="needs_approval"];
  "review_init" -> "execute" [label="needs_review"];
  "execute" -> "failed" [label="failure"];
  "execute" -> "verify" [label="needs_approval"];
  "execute" -> "verify" [label="needs_review"];
  "execute" -> "verify" [label="success"];
  "verify" -> "fix_verify" [label="failure"];
  "verify" -> "review" [label="success"];
  "fix_verify" -> "failed" [label="failure"];
  "fix_verify" -> "verify" [label="needs_approval"];
  "fix_verify" -> "verify" [label="needs_review"];
  "review" -> "commit_and_prepare_pr" [label="approved"];
  "review" -> "execute" [label="changes_requested"];
  "review" -> "failed" [label="failure"];
  "review" -> "execute" [label="needs_approval"];
  "review" -> "execute" [label="needs_review"];
  "commit_and_prepare_pr" -> "failed" [label="failure"];
  "commit_and_prepare_pr" -> "open_or_update_pr" [label="success"];
  "open_or_update_pr" -> "failed" [label="failure"];
  "open_or_update_pr" -> "watch_pr_warmup" [label="needs_approval"];
  "open_or_update_pr" -> "watch_pr_warmup" [label="needs_review"];
  "open_or_update_pr" -> "watch_pr_warmup" [label="watch_pr"];
  "watch_pr_warmup" -> "triage_pr_feedback" [label="failure"];
  "watch_pr_warmup" -> "watch_pr_gate" [label="success"];
  "watch_pr_backoff" -> "triage_pr_feedback" [label="failure"];
  "watch_pr_backoff" -> "watch_pr_gate" [label="success"];
  "watch_pr_gate" -> "triage_pr_feedback" [label="failure"];
  "watch_pr_gate" -> "merge_pr_and_sync_main" [label="success"];
  "triage_pr_feedback" -> "failed" [label="failure"];
  "triage_pr_feedback" -> "merge_pr_and_sync_main" [label="merged"];
  "triage_pr_feedback" -> "watch_pr_backoff" [label="needs_approval"];
  "triage_pr_feedback" -> "execute_pr_feedback" [label="needs_executor"];
  "triage_pr_feedback" -> "watch_pr_backoff" [label="needs_review"];
  "triage_pr_feedback" -> "watch_pr_backoff" [label="recheck"];
  "triage_pr_feedback" -> "watch_pr_backoff" [label="watch_pr"];
  "execute_pr_feedback" -> "failed" [label="failure"];
  "execute_pr_feedback" -> "verify" [label="needs_approval"];
  "execute_pr_feedback" -> "verify" [label="needs_review"];
  "execute_pr_feedback" -> "verify" [label="success"];
  "merge_pr_and_sync_main" -> "done" [label="failure"];
  "merge_pr_and_sync_main" -> "done" [label="success"];
}
