workflow: copilot_planning_then_execution  (version 1)
initial_state: plan   target_state: done
policy: max_total_steps=20  max_step_retries=0

variables:
  (none)

adapters:
  copilot.engineer   type=copilot   on_crash=fail
    config: max_turns=6, model=claude-sonnet-4.6, reasoning_effort=medium

steps (declaration order):
  plan   adapter=copilot.engineer
    input keys: prompt, reasoning_effort
    allow_tools: read_file
    outcomes: success -> execute, failure -> failed
  execute   adapter=copilot.engineer
    input keys: prompt
    allow_tools: read_file, write_file, shell:go build*, shell:go test*
    outcomes: success -> done, failure -> failed

states:
  done    terminal=true   success=true
  failed    terminal=true   success=false

adapters required:
  copilot   (search: $CRITERIA_PLUGINS, ~/.criteria/plugins)
