workflow: demo_tour_local  (version 1)
initial_state: boot   target_state: done
policy: max_total_steps=40  max_step_retries=0

variables:
  mode: string = local

adapters:
  shell.default   type=shell   on_crash=fail
    config: (none)

steps (declaration order):
  boot   adapter=shell.default   timeout=10s
    input keys: command
    allow_tools: (none)
    outcomes: success -> discover, failure -> aborted
  discover   adapter=shell.default   timeout=30s
    input keys: command
    allow_tools: (none)
    outcomes: success -> process_each, failure -> aborted
  process_each   adapter=shell.default   timeout=30s
    input keys: command
    allow_tools: (none)
    outcomes: all_succeeded -> review, any_failed -> aborted
  review   adapter=shell.default   timeout=10s
    input keys: command
    allow_tools: (none)
    outcomes: success -> wait_brief, failure -> aborted
  celebrate   adapter=shell.default   timeout=10s
    input keys: command
    allow_tools: (none)
    outcomes: success -> done, failure -> aborted

states:
  aborted    terminal=true   success=false
  done    terminal=true   success=true

switches:
  decide    conditions=1   default=aborted

adapters required:
  shell   (search: $CRITERIA_PLUGINS, ~/.criteria/plugins)
