workflow: file_function_demo  (version 0.1)
initial_state: greet   target_state: done
policy: max_total_steps=100  max_step_retries=0

variables:
  (none)

agents:
  (none)

steps (declaration order):
  greet   adapter=shell
    input keys: command
    allow_tools: (none)
    outcomes: success -> done, failure -> done

states:
  done    terminal=true   success=true

plugins required:
  shell   (search: $CRITERIA_PLUGINS, ~/.criteria/plugins)
