workflow: for_each_review_loop  (version 0.1)
initial_state: init   target_state: done
policy: max_total_steps=50  max_step_retries=0

variables:
  prefix: string = item

adapters:
  noop.default   type=noop   on_crash=fail
    config: (none)

steps (declaration order):
  init   adapter=noop.default
    input keys: result
    allow_tools: (none)
    outcomes: success -> process_items
  process_items
    input keys: (none)
    allow_tools: (none)
    outcomes: all_succeeded -> done, any_failed -> failed

states:
  done    terminal=true   success=true
  failed    terminal=true   success=false

plugins required:
  noop   (search: $CRITERIA_PLUGINS, ~/.criteria/plugins)
