workflow: two_agent_loop  (version 0.1)
initial_state: execute   target_state: done
policy: max_total_steps=100  max_step_retries=0

variables:
  (none)

adapters:
  copilot.executor   type=copilot   on_crash=respawn
    config: (none)
  copilot.reviewer   type=copilot   on_crash=fail
    config: (none)

steps (declaration order):
  execute   adapter=copilot.executor
    input keys: (none)
    allow_tools: (none)
    outcomes: approved -> review, retry -> review
  review   adapter=copilot.reviewer
    input keys: (none)
    allow_tools: (none)
    outcomes: approved -> done, changes -> execute

states:
  done    terminal=true   success=true

adapters required:
  copilot   (search: $CRITERIA_PLUGINS, ~/.criteria/plugins)
